../Middlewares/Third_Party/FreeRTOS_Plus_TCP/FreeRTOS_DHCP.c:972:17:vProcessHandleOption	12	static
../Middlewares/Third_Party/FreeRTOS_Plus_TCP/FreeRTOS_DHCP.c:1135:23:prvIsValidDHCPResponse	0	static
../Middlewares/Third_Party/FreeRTOS_Plus_TCP/FreeRTOS_DHCP.c:1167:23:xProcessCheckOption	8	static
../Middlewares/Third_Party/FreeRTOS_Plus_TCP/FreeRTOS_DHCP.c:1365:22:prvCreatePartDHCPMessage	32	static
../Middlewares/Third_Party/FreeRTOS_Plus_TCP/FreeRTOS_DHCP.c:1563:23:prvSendDHCPDiscover	64	static,ignoring_inline_asm
../Middlewares/Third_Party/FreeRTOS_Plus_TCP/FreeRTOS_DHCP.c:546:23:xHandleWaitingFirstDiscover	8	static
../Middlewares/Third_Party/FreeRTOS_Plus_TCP/FreeRTOS_DHCP.c:1488:23:prvSendDHCPRequest	56	static
../Middlewares/Third_Party/FreeRTOS_Plus_TCP/FreeRTOS_DHCP.c:1251:23:prvProcessDHCPReplies	64	static
../Middlewares/Third_Party/FreeRTOS_Plus_TCP/FreeRTOS_DHCP.c:319:23:xHandleWaitingOffer	16	static
../Middlewares/Third_Party/FreeRTOS_Plus_TCP/FreeRTOS_DHCP.c:831:17:prvCloseDHCPSocket	8	static
../Middlewares/Third_Party/FreeRTOS_Plus_TCP/FreeRTOS_DHCP.c:868:18:prvCreateDHCPSocket	56	static,ignoring_inline_asm
../Middlewares/Third_Party/FreeRTOS_Plus_TCP/FreeRTOS_DHCP.c:938:17:prvInitialiseDHCP	8	static
../Middlewares/Third_Party/FreeRTOS_Plus_TCP/FreeRTOS_DHCP.c:613:17:prvHandleWaitingeLeasedAddress	16	static
../Middlewares/Third_Party/FreeRTOS_Plus_TCP/FreeRTOS_DHCP.c:460:17:vHandleWaitingAcknowledge	8	static
../Middlewares/Third_Party/FreeRTOS_Plus_TCP/FreeRTOS_DHCP.c:666:17:vDHCPProcessEndPoint	8	static,ignoring_inline_asm
../Middlewares/Third_Party/FreeRTOS_Plus_TCP/FreeRTOS_DHCP.c:158:16:xIsDHCPSocket	0	static
../Middlewares/Third_Party/FreeRTOS_Plus_TCP/FreeRTOS_DHCP.c:183:10:vDHCPProcess	40	static,ignoring_inline_asm
../Middlewares/Third_Party/FreeRTOS_Plus_TCP/FreeRTOS_DHCP.c:302:10:vDHCPStop	8	static
