../Middlewares/Third_Party/FreeRTOS_Plus_TCP/FreeRTOS_IPv6.c:271:13:xGetIPv6MulticastGroupID	0	static,ignoring_inline_asm
../Middlewares/Third_Party/FreeRTOS_Plus_TCP/FreeRTOS_IPv6.c:292:12:xIsIPv6Loopback	8	static
../Middlewares/Third_Party/FreeRTOS_Plus_TCP/FreeRTOS_IPv6.c:318:16:xBadIPv6Loopback	16	static
../Middlewares/Third_Party/FreeRTOS_Plus_TCP/FreeRTOS_IPv6.c:351:12:xIsIPv6AllowedMulticast	24	static
../Middlewares/Third_Party/FreeRTOS_Plus_TCP/FreeRTOS_IPv6.c:401:12:xCompareIPv6_Address	24	static
../Middlewares/Third_Party/FreeRTOS_Plus_TCP/FreeRTOS_IPv6.c:486:26:prvAllowIPPacketIPv6	16	static
../Middlewares/Third_Party/FreeRTOS_Plus_TCP/FreeRTOS_IPv6.c:596:12:xGetExtensionOrder	0	static
../Middlewares/Third_Party/FreeRTOS_Plus_TCP/FreeRTOS_IPv6.c:660:26:eHandleIPv6ExtensionHeaders	40	static
