../Middlewares/Third_Party/FreeRTOS_Plus_TCP/FreeRTOS_Routing.c:241:32:FreeRTOS_AddEndPoint	0	static
../Middlewares/Third_Party/FreeRTOS_Plus_TCP/FreeRTOS_Routing.c:90:10:FreeRTOS_FillEndPoint	32	static
../Middlewares/Third_Party/FreeRTOS_Plus_TCP/FreeRTOS_Routing.c:157:26:FreeRTOS_AddNetworkInterface	0	static
../Middlewares/Third_Party/FreeRTOS_Plus_TCP/FreeRTOS_Routing.c:204:26:FreeRTOS_FirstNetworkInterface	0	static
../Middlewares/Third_Party/FreeRTOS_Plus_TCP/FreeRTOS_Routing.c:216:26:FreeRTOS_NextNetworkInterface	0	static
../Middlewares/Third_Party/FreeRTOS_Plus_TCP/FreeRTOS_Routing.c:320:25:FreeRTOS_FirstEndPoint	0	static
../Middlewares/Third_Party/FreeRTOS_Plus_TCP/FreeRTOS_Routing.c:350:25:FreeRTOS_NextEndPoint	8	static
../Middlewares/Third_Party/FreeRTOS_Plus_TCP/FreeRTOS_Routing.c:389:25:FreeRTOS_FindEndPointOnIP_IPv4	4	static
../Middlewares/Third_Party/FreeRTOS_Plus_TCP/FreeRTOS_Routing.c:454:25:FreeRTOS_FindEndPointOnMAC	16	static
../Middlewares/Third_Party/FreeRTOS_Plus_TCP/FreeRTOS_Routing.c:527:25:FreeRTOS_InterfaceEndPointOnNetMask	8	static
../Middlewares/Third_Party/FreeRTOS_Plus_TCP/FreeRTOS_Routing.c:505:25:FreeRTOS_FindEndPointOnNetMask	8	static
../Middlewares/Third_Party/FreeRTOS_Plus_TCP/FreeRTOS_Routing.c:595:29:FreeRTOS_InterfaceEPInSameSubnet_IPv6	16	static
../Middlewares/Third_Party/FreeRTOS_Plus_TCP/FreeRTOS_Routing.c:439:29:FreeRTOS_FindEndPointOnIP_IPv6	8	static
../Middlewares/Third_Party/FreeRTOS_Plus_TCP/FreeRTOS_Routing.c:636:14:FreeRTOS_FillEndPoint_IPv6	24	static
../Middlewares/Third_Party/FreeRTOS_Plus_TCP/FreeRTOS_Routing.c:701:29:FreeRTOS_FindEndPointOnNetMask_IPv6	8	static
../Middlewares/Third_Party/FreeRTOS_Plus_TCP/FreeRTOS_Routing.c:1035:25:FreeRTOS_FindGateWay	16	static
../Middlewares/Third_Party/FreeRTOS_Plus_TCP/FreeRTOS_Routing.c:1092:29:FreeRTOS_FirstEndPoint_IPv6	0	static
../Middlewares/Third_Party/FreeRTOS_Plus_TCP/FreeRTOS_Routing.c:1118:25:pxGetSocketEndpoint	0	static
../Middlewares/Third_Party/FreeRTOS_Plus_TCP/FreeRTOS_Routing.c:1142:10:vSetSocketEndpoint	0	static
../Middlewares/Third_Party/FreeRTOS_Plus_TCP/FreeRTOS_Routing.c:1470:17:xIPv6_GetIPType	24	static
../Middlewares/Third_Party/FreeRTOS_Plus_TCP/FreeRTOS_Routing.c:734:25:pxEasyFit	160	static
../Middlewares/Third_Party/FreeRTOS_Plus_TCP/FreeRTOS_Routing.c:896:25:FreeRTOS_MatchingEndpoint	64	static,ignoring_inline_asm
../Middlewares/Third_Party/FreeRTOS_Plus_TCP/FreeRTOS_Routing.c:1526:18:pcEndpointName	8	static
