../Middlewares/Third_Party/FreeRTOS_Plus_TCP/FreeRTOS_IP_Timers.c:344:13:prvIPTimerStart	16	static
../Middlewares/Third_Party/FreeRTOS_Plus_TCP/FreeRTOS_IP_Timers.c:380:13:prvIPTimerReload	8	static
../Middlewares/Third_Party/FreeRTOS_Plus_TCP/FreeRTOS_IP_Timers.c:464:19:prvIPTimerCheck	8	static
../Middlewares/Third_Party/FreeRTOS_Plus_TCP/FreeRTOS_IP_Timers.c:132:12:xCalculateSleepTime	0	static
../Middlewares/Third_Party/FreeRTOS_Plus_TCP/FreeRTOS_IP_Timers.c:368:6:vIPTimerStartARPResolution	8	static
../Middlewares/Third_Party/FreeRTOS_Plus_TCP/FreeRTOS_IP_Timers.c:395:10:vTCPTimerReload	8	static
../Middlewares/Third_Party/FreeRTOS_Plus_TCP/FreeRTOS_IP_Timers.c:407:6:vARPTimerReload	8	static
../Middlewares/Third_Party/FreeRTOS_Plus_TCP/FreeRTOS_IP_Timers.c:437:10:vDHCP_RATimerReload	8	static
../Middlewares/Third_Party/FreeRTOS_Plus_TCP/FreeRTOS_IP_Timers.c:451:6:vNetworkTimerReload	8	static
../Middlewares/Third_Party/FreeRTOS_Plus_TCP/FreeRTOS_IP_Timers.c:507:10:vIPSetTCPTimerExpiredState	0	static
../Middlewares/Third_Party/FreeRTOS_Plus_TCP/FreeRTOS_IP_Timers.c:528:6:vIPSetARPTimerEnableState	0	static
../Middlewares/Third_Party/FreeRTOS_Plus_TCP/FreeRTOS_IP_Timers.c:546:6:vIPSetARPResolutionTimerEnableState	0	static
../Middlewares/Third_Party/FreeRTOS_Plus_TCP/FreeRTOS_IP_Timers.c:567:10:vIPSetDHCP_RATimerEnableState	0	static
../Middlewares/Third_Party/FreeRTOS_Plus_TCP/FreeRTOS_IP_Timers.c:611:6:vSetAllNetworksUp	0	static
../Middlewares/Third_Party/FreeRTOS_Plus_TCP/FreeRTOS_IP_Timers.c:203:6:vCheckNetworkTimers	16	static
