../Middlewares/Third_Party/FreeRTOS_Plus_TCP/FreeRTOS_DNS.c:742:21:prvIncreaseDNS6Index	0	static
../Middlewares/Third_Party/FreeRTOS_Plus_TCP/FreeRTOS_DNS.c:777:21:prvIncreaseDNS4Index	0	static
../Middlewares/Third_Party/FreeRTOS_Plus_TCP/FreeRTOS_DNS.c:1467:19:prvCreateDNSMessage	24	static
../Middlewares/Third_Party/FreeRTOS_Plus_TCP/FreeRTOS_DNS.c:845:32:prvFillSockAddress	16	static,ignoring_inline_asm
../Middlewares/Third_Party/FreeRTOS_Plus_TCP/FreeRTOS_DNS.c:812:22:prvGetPayloadBuffer	16	static
../Middlewares/Third_Party/FreeRTOS_Plus_TCP/FreeRTOS_DNS.c:1137:23:prvSendBuffer	40	static
../Middlewares/Third_Party/FreeRTOS_Plus_TCP/FreeRTOS_DNS.c:1076:21:prvDNSReply	16	static
../Middlewares/Third_Party/FreeRTOS_Plus_TCP/FreeRTOS_DNS.c:1244:21:prvGetHostByNameOp	88	static
../Middlewares/Third_Party/FreeRTOS_Plus_TCP/FreeRTOS_DNS.c:1374:21:prvGetHostByNameOp_WithRetry	40	static
../Middlewares/Third_Party/FreeRTOS_Plus_TCP/FreeRTOS_DNS.c:1416:21:prvGetHostByName	32	static
../Middlewares/Third_Party/FreeRTOS_Plus_TCP/FreeRTOS_DNS.c:267:32:pxNew_AddrInfo	24	static
../Middlewares/Third_Party/FreeRTOS_Plus_TCP/FreeRTOS_DNS.c:513:25:prvPrepare_ReadIPAddress	40	static
../Middlewares/Third_Party/FreeRTOS_Plus_TCP/FreeRTOS_DNS.c:598:25:prvPrepareLookup	40	static
../Middlewares/Third_Party/FreeRTOS_Plus_TCP/FreeRTOS_DNS.c:333:10:FreeRTOS_freeaddrinfo	8	static
../Middlewares/Third_Party/FreeRTOS_Plus_TCP/FreeRTOS_DNS.c:382:20:FreeRTOS_getaddrinfo	8	static
../Middlewares/Third_Party/FreeRTOS_Plus_TCP/FreeRTOS_DNS.c:465:18:FreeRTOS_gethostbyname	8	static
../Middlewares/Third_Party/FreeRTOS_Plus_TCP/FreeRTOS_DNS.c:1582:14:ulDNSHandlePacket	24	static
../Middlewares/Third_Party/FreeRTOS_Plus_TCP/FreeRTOS_DNS.c:1657:16:FreeRTOS_SetDNSIPPreference	0	static
