../Middlewares/Third_Party/FreeRTOS_Plus_TCP/FreeRTOS_Sockets.c:2558:23:prvSetOptionLowHighWater	4	static
../Middlewares/Third_Party/FreeRTOS_Plus_TCP/FreeRTOS_Sockets.c:2681:13:prvSetOptionTimeout	0	static
../Middlewares/Third_Party/FreeRTOS_Plus_TCP/FreeRTOS_Sockets.c:2726:23:prvSetOptionReuseListenSocket	0	static
../Middlewares/Third_Party/FreeRTOS_Plus_TCP/FreeRTOS_Sockets.c:2761:23:prvSetOptionCloseAfterSend	0	static
../Middlewares/Third_Party/FreeRTOS_Plus_TCP/FreeRTOS_Sockets.c:3618:23:bMayConnect	0	static
../Middlewares/Third_Party/FreeRTOS_Plus_TCP/FreeRTOS_Sockets.c:458:19:prvDetermineSocketSize	24	static,ignoring_inline_asm
../Middlewares/Third_Party/FreeRTOS_Plus_TCP/FreeRTOS_Sockets.c:3035:27:pxListFindListItemWithValue	16	static
../Middlewares/Third_Party/FreeRTOS_Plus_TCP/FreeRTOS_Sockets.c:2352:23:prvSockopt_so_buffer	8	static
../Middlewares/Third_Party/FreeRTOS_Plus_TCP/FreeRTOS_Sockets.c:2488:23:prvSetOptionTCPWindows	16	static
../Middlewares/Third_Party/FreeRTOS_Plus_TCP/FreeRTOS_Sockets.c:560:17:prvInitialiseTCPFields	16	static
../Middlewares/Third_Party/FreeRTOS_Plus_TCP/FreeRTOS_Sockets.c:1031:17:prvFindSelectedSocket	24	static
../Middlewares/Third_Party/FreeRTOS_Plus_TCP/FreeRTOS_Sockets.c:1090:36:prvRecvFromWaitForPacket	56	static
../Middlewares/Third_Party/FreeRTOS_Plus_TCP/FreeRTOS_Sockets.c:1206:16:prvRecvFrom_CopyPacket	16	static
../Middlewares/Third_Party/FreeRTOS_Plus_TCP/FreeRTOS_Sockets.c:3883:32:prvAcceptWaitClient	24	static
../Middlewares/Third_Party/FreeRTOS_Plus_TCP/FreeRTOS_Sockets.c:1399:16:prvSendUDPPacket	32	static
../Middlewares/Third_Party/FreeRTOS_Plus_TCP/FreeRTOS_Sockets.c:1483:16:prvSendTo_ActualSend	64	static
../Middlewares/Third_Party/FreeRTOS_Plus_TCP/FreeRTOS_Sockets.c:2967:17:prvGetPrivatePortNumber	24	static
../Middlewares/Third_Party/FreeRTOS_Plus_TCP/FreeRTOS_Sockets.c:1786:19:prvSocketBindAdd	16	static
../Middlewares/Third_Party/FreeRTOS_Plus_TCP/FreeRTOS_Sockets.c:2642:23:prvSetOptionStopRX	8	static
../Middlewares/Third_Party/FreeRTOS_Plus_TCP/FreeRTOS_Sockets.c:5052:29:prvTCPCreateStream	24	static
../Middlewares/Third_Party/FreeRTOS_Plus_TCP/FreeRTOS_Sockets.c:4147:23:prvRecvWait	56	static
../Middlewares/Third_Party/FreeRTOS_Plus_TCP/FreeRTOS_Sockets.c:5206:17:vTCPAddRxdata_Stored	8	static
../Middlewares/Third_Party/FreeRTOS_Plus_TCP/FreeRTOS_Sockets.c:4091:23:prvRecvData	24	static
../Middlewares/Third_Party/FreeRTOS_Plus_TCP/FreeRTOS_Sockets.c:5834:17:vTCPNetStat_TCPSocket	72	static,ignoring_inline_asm
../Middlewares/Third_Party/FreeRTOS_Plus_TCP/FreeRTOS_Sockets.c:434:6:vNetworkSocketsInit	8	static
../Middlewares/Third_Party/FreeRTOS_Plus_TCP/FreeRTOS_Sockets.c:613:10:FreeRTOS_socket	32	static,ignoring_inline_asm
../Middlewares/Third_Party/FreeRTOS_Plus_TCP/FreeRTOS_Sockets.c:776:17:FreeRTOS_CreateSocketSet	16	static
../Middlewares/Third_Party/FreeRTOS_Plus_TCP/FreeRTOS_Sockets.c:815:10:FreeRTOS_DeleteSocketSet	16	static
../Middlewares/Third_Party/FreeRTOS_Plus_TCP/FreeRTOS_Sockets.c:842:10:FreeRTOS_FD_SET	8	static,ignoring_inline_asm
../Middlewares/Third_Party/FreeRTOS_Plus_TCP/FreeRTOS_Sockets.c:883:10:FreeRTOS_FD_CLR	0	static,ignoring_inline_asm
../Middlewares/Third_Party/FreeRTOS_Plus_TCP/FreeRTOS_Sockets.c:921:17:FreeRTOS_FD_ISSET	0	static,ignoring_inline_asm
../Middlewares/Third_Party/FreeRTOS_Plus_TCP/FreeRTOS_Sockets.c:966:16:FreeRTOS_select	40	static,ignoring_inline_asm
../Middlewares/Third_Party/FreeRTOS_Plus_TCP/FreeRTOS_Sockets.c:2080:8:vSocketClose	16	static
../Middlewares/Third_Party/FreeRTOS_Plus_TCP/FreeRTOS_Sockets.c:2275:17:prvTCPSetSocketCount	16	static
../Middlewares/Third_Party/FreeRTOS_Plus_TCP/FreeRTOS_Sockets.c:2181:18:prvSocketProps	24	static
../Middlewares/Third_Party/FreeRTOS_Plus_TCP/FreeRTOS_Sockets.c:3074:21:pxUDPSocketLookup	8	static,ignoring_inline_asm
../Middlewares/Third_Party/FreeRTOS_Plus_TCP/FreeRTOS_Sockets.c:3112:14:FreeRTOS_inet_ntoa	32	static
../Middlewares/Third_Party/FreeRTOS_Plus_TCP/FreeRTOS_Sockets.c:3185:12:FreeRTOS_inet_pton	8	static
../Middlewares/Third_Party/FreeRTOS_Plus_TCP/FreeRTOS_Sockets.c:3230:14:FreeRTOS_inet_ntop	8	static
../Middlewares/Third_Party/FreeRTOS_Plus_TCP/FreeRTOS_Sockets.c:3272:9:ucASCIIToHex	0	static
../Middlewares/Third_Party/FreeRTOS_Plus_TCP/FreeRTOS_Sockets.c:3317:6:FreeRTOS_EUI48_ntop	16	static
../Middlewares/Third_Party/FreeRTOS_Plus_TCP/FreeRTOS_Sockets.c:3383:12:FreeRTOS_EUI48_pton	40	static
../Middlewares/Third_Party/FreeRTOS_Plus_TCP/FreeRTOS_Sockets.c:3459:14:FreeRTOS_inet_addr	16	static
../Middlewares/Third_Party/FreeRTOS_Plus_TCP/FreeRTOS_Sockets.c:3484:8:FreeRTOS_GetLocalAddress	4	static
../Middlewares/Third_Party/FreeRTOS_Plus_TCP/FreeRTOS_Sockets.c:3528:6:vSocketWakeUpUser	8	static
../Middlewares/Third_Party/FreeRTOS_Plus_TCP/FreeRTOS_Sockets.c:4837:16:xTCPTimerCheck	24	static
../Middlewares/Third_Party/FreeRTOS_Plus_TCP/FreeRTOS_Sockets.c:4941:25:pxTCPSocketLookup	16	static
../Middlewares/Third_Party/FreeRTOS_Plus_TCP/FreeRTOS_Sockets.c:5253:13:lTCPAddRxdata	24	static
../Middlewares/Third_Party/FreeRTOS_Plus_TCP/FreeRTOS_Sockets.c:5355:16:FreeRTOS_GetRemoteAddress	4	static
../Middlewares/Third_Party/FreeRTOS_Plus_TCP/FreeRTOS_Sockets.c:5424:16:FreeRTOS_maywrite	8	static
../Middlewares/Third_Party/FreeRTOS_Plus_TCP/FreeRTOS_Sockets.c:5466:16:FreeRTOS_tx_space	8	static
../Middlewares/Third_Party/FreeRTOS_Plus_TCP/FreeRTOS_Sockets.c:5504:16:FreeRTOS_tx_size	8	static
../Middlewares/Third_Party/FreeRTOS_Plus_TCP/FreeRTOS_Sockets.c:2599:23:prvSetOptionSetFullSize	8	static
../Middlewares/Third_Party/FreeRTOS_Plus_TCP/FreeRTOS_Sockets.c:5541:16:FreeRTOS_issocketconnected	0	static
../Middlewares/Third_Party/FreeRTOS_Plus_TCP/FreeRTOS_Sockets.c:5577:16:FreeRTOS_mss	0	static
../Middlewares/Third_Party/FreeRTOS_Plus_TCP/FreeRTOS_Sockets.c:5613:16:FreeRTOS_connstatus	0	static
../Middlewares/Third_Party/FreeRTOS_Plus_TCP/FreeRTOS_Sockets.c:5645:16:FreeRTOS_rx_size	8	static
../Middlewares/Third_Party/FreeRTOS_Plus_TCP/FreeRTOS_Sockets.c:5968:28:vSocketSelectTCP	16	static
../Middlewares/Third_Party/FreeRTOS_Plus_TCP/FreeRTOS_Sockets.c:5677:12:xSocketValid	0	static
../Middlewares/Third_Party/FreeRTOS_Plus_TCP/FreeRTOS_Sockets.c:402:19:prvValidSocket	16	static
../Middlewares/Third_Party/FreeRTOS_Plus_TCP/FreeRTOS_Sockets.c:1263:9:FreeRTOS_recvfrom	40	static
../Middlewares/Third_Party/FreeRTOS_Plus_TCP/FreeRTOS_Sockets.c:3987:14:FreeRTOS_accept	56	static
../Middlewares/Third_Party/FreeRTOS_Plus_TCP/FreeRTOS_Sockets.c:4264:16:FreeRTOS_recv	32	static
../Middlewares/Third_Party/FreeRTOS_Plus_TCP/FreeRTOS_Sockets.c:4394:15:FreeRTOS_get_tx_base	8	static
../Middlewares/Third_Party/FreeRTOS_Plus_TCP/FreeRTOS_Sockets.c:4437:15:FreeRTOS_get_tx_head	16	static
../Middlewares/Third_Party/FreeRTOS_Plus_TCP/FreeRTOS_Sockets.c:4331:20:prvTCPSendCheck	16	static
../Middlewares/Third_Party/FreeRTOS_Plus_TCP/FreeRTOS_Sockets.c:4497:23:prvTCPSendLoop	72	static
../Middlewares/Third_Party/FreeRTOS_Plus_TCP/FreeRTOS_Sockets.c:4657:16:FreeRTOS_send	24	static
../Middlewares/Third_Party/FreeRTOS_Plus_TCP/FreeRTOS_Sockets.c:4716:16:FreeRTOS_listen	16	static
../Middlewares/Third_Party/FreeRTOS_Plus_TCP/FreeRTOS_Sockets.c:4787:16:FreeRTOS_shutdown	8	static
../Middlewares/Third_Party/FreeRTOS_Plus_TCP/FreeRTOS_Sockets.c:5023:35:FreeRTOS_get_rx_buf	8	static
../Middlewares/Third_Party/FreeRTOS_Plus_TCP/FreeRTOS_Sockets.c:1673:12:FreeRTOS_bind	32	static,ignoring_inline_asm
../Middlewares/Third_Party/FreeRTOS_Plus_TCP/FreeRTOS_Sockets.c:1368:19:prvMakeSureSocketIsBound	16	static
../Middlewares/Third_Party/FreeRTOS_Plus_TCP/FreeRTOS_Sockets.c:1573:9:FreeRTOS_sendto	40	static,ignoring_inline_asm
../Middlewares/Third_Party/FreeRTOS_Plus_TCP/FreeRTOS_Sockets.c:3667:23:prvTCPConnectStart	16	static
../Middlewares/Third_Party/FreeRTOS_Plus_TCP/FreeRTOS_Sockets.c:3773:16:FreeRTOS_connect	40	static
../Middlewares/Third_Party/FreeRTOS_Plus_TCP/FreeRTOS_Sockets.c:1890:12:vSocketBind	48	static,ignoring_inline_asm
../Middlewares/Third_Party/FreeRTOS_Plus_TCP/FreeRTOS_Sockets.c:2009:12:FreeRTOS_closesocket	16	static
../Middlewares/Third_Party/FreeRTOS_Plus_TCP/FreeRTOS_Sockets.c:2802:12:FreeRTOS_setsockopt	16	static
../Middlewares/Third_Party/FreeRTOS_Plus_TCP/FreeRTOS_Sockets.c:5734:10:FreeRTOS_netstat	16	static
../Middlewares/Third_Party/FreeRTOS_Plus_TCP/FreeRTOS_Sockets.c:5755:12:xSocketSetSocketID	16	static
../Middlewares/Third_Party/FreeRTOS_Plus_TCP/FreeRTOS_Sockets.c:5778:8:pvSocketGetSocketID	8	static
../Middlewares/Third_Party/FreeRTOS_Plus_TCP/FreeRTOS_Sockets.c:5799:12:FreeRTOS_GetIPType	0	static
../Middlewares/Third_Party/FreeRTOS_Plus_TCP/FreeRTOS_Sockets.c:5905:10:vTCPNetStat	8	static
../Middlewares/Third_Party/FreeRTOS_Plus_TCP/FreeRTOS_Sockets.c:6062:10:vSocketSelect	32	static
