../Middlewares/Third_Party/FreeRTOS_Plus_TCP/FreeRTOS_TCP_Transmission.c:533:24:prvWinScaleFactor	0	static
../Middlewares/Third_Party/FreeRTOS_Plus_TCP/FreeRTOS_TCP_Transmission.c:497:23:prvTCPPrepareConnect	8	static
../Middlewares/Third_Party/FreeRTOS_Plus_TCP/FreeRTOS_TCP_Transmission.c:87:23:prvTCPMakeSurePrepared	8	static
../Middlewares/Third_Party/FreeRTOS_Plus_TCP/FreeRTOS_TCP_Transmission.c:252:10:prvTCPReturnPacket	24	static,ignoring_inline_asm
../Middlewares/Third_Party/FreeRTOS_Plus_TCP/FreeRTOS_TCP_Transmission.c:307:10:prvTCPReturn_CheckTCPWindow	16	static
../Middlewares/Third_Party/FreeRTOS_Plus_TCP/FreeRTOS_TCP_Transmission.c:393:10:prvTCPReturn_SetSequenceNumber	16	static
../Middlewares/Third_Party/FreeRTOS_Plus_TCP/FreeRTOS_TCP_Transmission.c:455:16:prvTCPCreateWindow	16	static
../Middlewares/Third_Party/FreeRTOS_Plus_TCP/FreeRTOS_TCP_Transmission.c:576:17:prvSetSynAckOptions	24	static
../Middlewares/Third_Party/FreeRTOS_Plus_TCP/FreeRTOS_TCP_Transmission.c:633:33:prvTCPBufferResize	24	static,ignoring_inline_asm
../Middlewares/Third_Party/FreeRTOS_Plus_TCP/FreeRTOS_TCP_Transmission.c:732:10:prvTCPReturn_SetEndPoint	8	static
../Middlewares/Third_Party/FreeRTOS_Plus_TCP/FreeRTOS_TCP_Transmission.c:816:13:prvTCPPrepareSend	56	static
../Middlewares/Third_Party/FreeRTOS_Plus_TCP/FreeRTOS_TCP_Transmission.c:204:13:prvTCPSendRepeated	24	static
../Middlewares/Third_Party/FreeRTOS_Plus_TCP/FreeRTOS_TCP_Transmission.c:113:13:prvTCPSendPacket	32	static
../Middlewares/Third_Party/FreeRTOS_Plus_TCP/FreeRTOS_TCP_Transmission.c:1033:10:prvTCPAddTxData	8	static
../Middlewares/Third_Party/FreeRTOS_Plus_TCP/FreeRTOS_TCP_Transmission.c:1076:17:prvSetOptions	24	static
../Middlewares/Third_Party/FreeRTOS_Plus_TCP/FreeRTOS_TCP_Transmission.c:1164:16:prvSendData	32	static
../Middlewares/Third_Party/FreeRTOS_Plus_TCP/FreeRTOS_TCP_Transmission.c:1317:16:prvTCPSendSpecialPacketHelper	16	static
../Middlewares/Third_Party/FreeRTOS_Plus_TCP/FreeRTOS_TCP_Transmission.c:1363:16:prvTCPSendChallengeAck	8	static
../Middlewares/Third_Party/FreeRTOS_Plus_TCP/FreeRTOS_TCP_Transmission.c:1376:16:prvTCPSendReset	8	static
