../Middlewares/Third_Party/FreeRTOS_Plus_TCP/FreeRTOS_TCP_WIN.c:389:21:vListInsertGeneric	0	static
../Middlewares/Third_Party/FreeRTOS_Plus_TCP/FreeRTOS_TCP_WIN.c:480:31:xTCPWindowRxFind	0	static
../Middlewares/Third_Party/FreeRTOS_Plus_TCP/FreeRTOS_TCP_WIN.c:674:31:xTCPWindowPeekHead	0	static
../Middlewares/Third_Party/FreeRTOS_Plus_TCP/FreeRTOS_TCP_WIN.c:1336:24:lTCPIncrementTxPosition	0	static
../Middlewares/Third_Party/FreeRTOS_Plus_TCP/FreeRTOS_TCP_WIN.c:702:21:vTCPWindowFree	8	static
../Middlewares/Third_Party/FreeRTOS_Plus_TCP/FreeRTOS_TCP_WIN.c:642:31:xTCPWindowGetHead	8	static
../Middlewares/Third_Party/FreeRTOS_Plus_TCP/FreeRTOS_TCP_WIN.c:421:27:prvCreateSectors	8	static
../Middlewares/Third_Party/FreeRTOS_Plus_TCP/FreeRTOS_TCP_WIN.c:525:31:xTCPWindowNew	32	static,ignoring_inline_asm
../Middlewares/Third_Party/FreeRTOS_Plus_TCP/FreeRTOS_TCP_WIN.c:1080:24:prvTCPWindowRx_UnexpectedRX	24	static
../Middlewares/Third_Party/FreeRTOS_Plus_TCP/FreeRTOS_TCP_WIN.c:1680:31:pxTCPWindowTx_GetWaitQueue	16	static
../Middlewares/Third_Party/FreeRTOS_Plus_TCP/FreeRTOS_TCP_WIN.c:1900:21:prvTCPWindowTxCheckAck_CalcSRTT	16	static
../Middlewares/Third_Party/FreeRTOS_Plus_TCP/FreeRTOS_TCP_WIN.c:1370:24:prvTCPWindowTxAdd_FrontSegment	16	static
../Middlewares/Third_Party/FreeRTOS_Plus_TCP/FreeRTOS_TCP_WIN.c:1522:27:prvTCPWindowTxHasSpace	24	static
../Middlewares/Third_Party/FreeRTOS_Plus_TCP/FreeRTOS_TCP_WIN.c:1733:31:pxTCPWindowTx_GetTXQueue	16	static
../Middlewares/Third_Party/FreeRTOS_Plus_TCP/FreeRTOS_TCP_WIN.c:266:16:xSequenceLessThan	0	static
../Middlewares/Third_Party/FreeRTOS_Plus_TCP/FreeRTOS_TCP_WIN.c:932:31:xTCPWindowRxConfirm	32	static
../Middlewares/Third_Party/FreeRTOS_Plus_TCP/FreeRTOS_TCP_WIN.c:1001:21:prvTCPWindowRx_ExpectedRX	24	static
../Middlewares/Third_Party/FreeRTOS_Plus_TCP/FreeRTOS_TCP_WIN.c:2092:25:prvTCPWindowFastRetransmit	32	static
../Middlewares/Third_Party/FreeRTOS_Plus_TCP/FreeRTOS_TCP_WIN.c:290:16:xSequenceGreaterThan	0	static
../Middlewares/Third_Party/FreeRTOS_Plus_TCP/FreeRTOS_TCP_WIN.c:1939:25:prvTCPWindowTxCheckAck	48	static
../Middlewares/Third_Party/FreeRTOS_Plus_TCP/FreeRTOS_TCP_WIN.c:600:20:xTCPWindowRxEmpty	0	static
../Middlewares/Third_Party/FreeRTOS_Plus_TCP/FreeRTOS_TCP_WIN.c:736:14:vTCPWindowDestroy	16	static
../Middlewares/Third_Party/FreeRTOS_Plus_TCP/FreeRTOS_TCP_WIN.c:830:10:vTCPWindowInit	4	static
../Middlewares/Third_Party/FreeRTOS_Plus_TCP/FreeRTOS_TCP_WIN.c:780:16:xTCPWindowCreate	24	static
../Middlewares/Third_Party/FreeRTOS_Plus_TCP/FreeRTOS_TCP_WIN.c:892:14:vTCPSegmentCleanup	8	static
../Middlewares/Third_Party/FreeRTOS_Plus_TCP/FreeRTOS_TCP_WIN.c:1193:17:lTCPWindowRxCheck	16	static
../Middlewares/Third_Party/FreeRTOS_Plus_TCP/FreeRTOS_TCP_WIN.c:1417:17:lTCPWindowTxAdd	32	static
../Middlewares/Third_Party/FreeRTOS_Plus_TCP/FreeRTOS_TCP_WIN.c:1505:20:xTCPWindowTxDone	0	static
../Middlewares/Third_Party/FreeRTOS_Plus_TCP/FreeRTOS_TCP_WIN.c:1593:20:xTCPWindowTxHasData	24	static
../Middlewares/Third_Party/FreeRTOS_Plus_TCP/FreeRTOS_TCP_WIN.c:1800:18:ulTCPWindowTxGet	24	static,ignoring_inline_asm
../Middlewares/Third_Party/FreeRTOS_Plus_TCP/FreeRTOS_TCP_WIN.c:2168:18:ulTCPWindowTxAck	8	static
../Middlewares/Third_Party/FreeRTOS_Plus_TCP/FreeRTOS_TCP_WIN.c:2204:18:ulTCPWindowTxSack	16	static
