../Middlewares/Third_Party/FreeRTOS_Plus_TCP/FreeRTOS_DNS_Networking.c:46:16:DNS_BindSocket	32	static
../Middlewares/Third_Party/FreeRTOS_Plus_TCP/FreeRTOS_DNS_Networking.c:66:14:DNS_CreateSocket	40	static
../Middlewares/Third_Party/FreeRTOS_Plus_TCP/FreeRTOS_DNS_Networking.c:101:16:DNS_SendRequest	16	static
../Middlewares/Third_Party/FreeRTOS_Plus_TCP/FreeRTOS_DNS_Networking.c:139:16:DNS_ReadReply	24	static
../Middlewares/Third_Party/FreeRTOS_Plus_TCP/FreeRTOS_DNS_Networking.c:168:10:DNS_CloseSocket	8	static
