../Middlewares/Third_Party/FreeRTOS_Plus_TCP/FreeRTOS_IP_Utils.c:148:13:prvSetChecksumInPacket	0	static
../Middlewares/Third_Party/FreeRTOS_Plus_TCP/FreeRTOS_IP_Utils.c:182:17:prvGetChecksumFromPacket	0	static
../Middlewares/Third_Party/FreeRTOS_Plus_TCP/FreeRTOS_IP_Utils.c:367:18:void_ptr_to_uintptr	0	static
../Middlewares/Third_Party/FreeRTOS_Plus_TCP/FreeRTOS_IP_Utils.c:308:36:prvPacketBuffer_to_NetworkBuffer	8	static
../Middlewares/Third_Party/FreeRTOS_Plus_TCP/FreeRTOS_IP_Utils.c:494:19:prvChecksumProtocolMTUCheck	0	static
../Middlewares/Third_Party/FreeRTOS_Plus_TCP/FreeRTOS_IP_Utils.c:657:13:prvChecksumProtocolSetChecksum	8	static
../Middlewares/Third_Party/FreeRTOS_Plus_TCP/FreeRTOS_IP_Utils.c:384:19:prvChecksumProtocolChecks	8	static
../Middlewares/Third_Party/FreeRTOS_Plus_TCP/FreeRTOS_IP_Utils.c:255:29:pxDuplicateNetworkBufferWithDescriptor	16	static,ignoring_inline_asm
../Middlewares/Third_Party/FreeRTOS_Plus_TCP/FreeRTOS_IP_Utils.c:717:29:pxUDPPayloadBuffer_to_NetworkBuffer	8	static,ignoring_inline_asm
../Middlewares/Third_Party/FreeRTOS_Plus_TCP/FreeRTOS_IP_Utils.c:792:12:xIsCallingFromIPTask	8	static
../Middlewares/Third_Party/FreeRTOS_Plus_TCP/FreeRTOS_IP_Utils.c:819:6:prvProcessNetworkDownEvent	16	static,ignoring_inline_asm
../Middlewares/Third_Party/FreeRTOS_Plus_TCP/FreeRTOS_IP_Utils.c:984:6:vPreCheckConfigs	8	static,ignoring_inline_asm
../Middlewares/Third_Party/FreeRTOS_Plus_TCP/FreeRTOS_IP_Utils.c:1255:10:usGenerateChecksum	16	static
../Middlewares/Third_Party/FreeRTOS_Plus_TCP/FreeRTOS_IP_Utils.c:532:13:prvChecksumProtocolCalculate	24	static
../Middlewares/Third_Party/FreeRTOS_Plus_TCP/FreeRTOS_IP_Utils.c:1073:10:usGenerateProtocolChecksum	56	static,ignoring_inline_asm
../Middlewares/Third_Party/FreeRTOS_Plus_TCP/FreeRTOS_IP_Utils.c:1444:10:vPrintResourceStats	8	static
../Middlewares/Third_Party/FreeRTOS_Plus_TCP/FreeRTOS_IP_Utils.c:1517:18:FreeRTOS_strerror_r	16	static
../Middlewares/Third_Party/FreeRTOS_Plus_TCP/FreeRTOS_IP_Utils.c:1625:9:FreeRTOS_max_int32	0	static
../Middlewares/Third_Party/FreeRTOS_Plus_TCP/FreeRTOS_IP_Utils.c:1638:10:FreeRTOS_max_uint32	0	static
../Middlewares/Third_Party/FreeRTOS_Plus_TCP/FreeRTOS_IP_Utils.c:1651:8:FreeRTOS_max_size_t	0	static
../Middlewares/Third_Party/FreeRTOS_Plus_TCP/FreeRTOS_IP_Utils.c:1664:9:FreeRTOS_min_int32	0	static
../Middlewares/Third_Party/FreeRTOS_Plus_TCP/FreeRTOS_IP_Utils.c:1677:10:FreeRTOS_min_uint32	0	static
../Middlewares/Third_Party/FreeRTOS_Plus_TCP/FreeRTOS_IP_Utils.c:1690:8:FreeRTOS_min_size_t	0	static
../Middlewares/Third_Party/FreeRTOS_Plus_TCP/FreeRTOS_IP_Utils.c:1703:10:FreeRTOS_round_up	0	static,ignoring_inline_asm
../Middlewares/Third_Party/FreeRTOS_Plus_TCP/FreeRTOS_IP_Utils.c:1725:10:FreeRTOS_round_down	0	static,ignoring_inline_asm
../Middlewares/Third_Party/FreeRTOS_Plus_TCP/FreeRTOS_IP_Utils.c:1750:10:ulChar2u32	0	static
../Middlewares/Third_Party/FreeRTOS_Plus_TCP/FreeRTOS_IP_Utils.c:1768:10:usChar2u16	0	static
../Middlewares/Third_Party/FreeRTOS_Plus_TCP/FreeRTOS_IP_Utils.c:1783:18:eGetDHCPState	0	static
../Middlewares/Third_Party/FreeRTOS_Plus_TCP/FreeRTOS_IP_Utils.c:221:16:xSendDHCPEvent	16	static
