../Middlewares/Third_Party/FreeRTOS_Plus_TCP/FreeRTOS_IP.c:715:13:prvForwardTxPacket	8	static
../Middlewares/Third_Party/FreeRTOS_Plus_TCP/FreeRTOS_IP.c:563:13:prvCallDHCP_RA_Handler	16	static
../Middlewares/Third_Party/FreeRTOS_Plus_TCP/FreeRTOS_IP.c:531:13:prvIPTask_CheckPendingEvents	8	static
../Middlewares/Third_Party/FreeRTOS_Plus_TCP/FreeRTOS_IP.c:614:14:FreeRTOS_GetIPTaskHandle	0	static
../Middlewares/Third_Party/FreeRTOS_Plus_TCP/FreeRTOS_IP.c:625:6:vIPNetworkUpCalls	8	static
../Middlewares/Third_Party/FreeRTOS_Plus_TCP/FreeRTOS_IP.c:770:12:FreeRTOS_NetworkDownFromISR	24	static
../Middlewares/Third_Party/FreeRTOS_Plus_TCP/FreeRTOS_IP.c:834:8:FreeRTOS_GetUDPPayloadBuffer_Multi	16	static,ignoring_inline_asm
../Middlewares/Third_Party/FreeRTOS_Plus_TCP/FreeRTOS_IP.c:944:12:FreeRTOS_IPInit_Multi	32	static,ignoring_inline_asm
../Middlewares/Third_Party/FreeRTOS_Plus_TCP/FreeRTOS_IP.c:1040:6:FreeRTOS_ReleaseUDPPayloadBuffer	8	static,ignoring_inline_asm
../Middlewares/Third_Party/FreeRTOS_Plus_TCP/FreeRTOS_IP.c:1062:10:FreeRTOS_GetEndPointConfiguration	8	static
../Middlewares/Third_Party/FreeRTOS_Plus_TCP/FreeRTOS_IP.c:1141:10:FreeRTOS_SetEndPointConfiguration	4	static
../Middlewares/Third_Party/FreeRTOS_Plus_TCP/FreeRTOS_IP.c:1220:16:FreeRTOS_ReleaseTCPPayloadBuffer	24	static,ignoring_inline_asm
../Middlewares/Third_Party/FreeRTOS_Plus_TCP/FreeRTOS_IP.c:1452:26:eConsiderFrameForProcessing	8	static
../Middlewares/Third_Party/FreeRTOS_Plus_TCP/FreeRTOS_IP.c:2221:14:FreeRTOS_GetIPAddress	8	static
../Middlewares/Third_Party/FreeRTOS_Plus_TCP/FreeRTOS_IP.c:2421:12:xIPIsNetworkTaskReady	0	static
../Middlewares/Third_Party/FreeRTOS_Plus_TCP/FreeRTOS_IP.c:1380:12:xSendEventStructToIPTask	16	static
../Middlewares/Third_Party/FreeRTOS_Plus_TCP/FreeRTOS_IP.c:734:6:FreeRTOS_NetworkDown	16	static
../Middlewares/Third_Party/FreeRTOS_Plus_TCP/FreeRTOS_IP.c:477:13:prvIPTask_Initialise	8	static
../Middlewares/Third_Party/FreeRTOS_Plus_TCP/FreeRTOS_IP.c:1360:12:xSendEventToIPTask	16	static
../Middlewares/Third_Party/FreeRTOS_Plus_TCP/FreeRTOS_IP.c:2050:6:vReturnEthernetFrame	48	static,ignoring_inline_asm
../Middlewares/Third_Party/FreeRTOS_Plus_TCP/FreeRTOS_IP.c:2445:12:xIsNetworkDownEventPending	0	static
../Middlewares/Third_Party/FreeRTOS_Plus_TCP/FreeRTOS_IP.c:2483:12:FreeRTOS_AllEndPointsUp	0	static
../Middlewares/Third_Party/FreeRTOS_Plus_TCP/FreeRTOS_IP.c:2456:12:FreeRTOS_IsEndPointUp	8	static
../Middlewares/Third_Party/FreeRTOS_Plus_TCP/FreeRTOS_IP.c:2432:12:FreeRTOS_IsNetworkUp	8	static
../Middlewares/Third_Party/FreeRTOS_Plus_TCP/FreeRTOS_IP.c:2527:8:uxIPHeaderSizePacket	0	static
../Middlewares/Third_Party/FreeRTOS_Plus_TCP/FreeRTOS_IP.c:1704:33:prvProcessUDPPacket	24	static
../Middlewares/Third_Party/FreeRTOS_Plus_TCP/FreeRTOS_IP.c:1809:33:prvProcessIPPacket	32	static
../Middlewares/Third_Party/FreeRTOS_Plus_TCP/FreeRTOS_IP.c:1544:13:prvProcessEthernetPacket	8	static
../Middlewares/Third_Party/FreeRTOS_Plus_TCP/FreeRTOS_IP.c:669:13:prvHandleEthernetPacket	8	static
../Middlewares/Third_Party/FreeRTOS_Plus_TCP/FreeRTOS_IP.c:240:13:prvProcessIPEventsAndTimers	40	static
../Middlewares/Third_Party/FreeRTOS_Plus_TCP/FreeRTOS_IP.c:220:13:prvIPTask	8	static
../Middlewares/Third_Party/FreeRTOS_Plus_TCP/FreeRTOS_IP.c:2554:8:uxIPHeaderSizeSocket	0	static
