../Middlewares/Third_Party/FreeRTOS_Plus_TCP/FreeRTOS_ARP.c:782:19:prvFindCacheEntry	32	static
../Middlewares/Third_Party/FreeRTOS_Plus_TCP/FreeRTOS_ARP.c:1123:31:prvCacheLookup	4	static
../Middlewares/Third_Party/FreeRTOS_Plus_TCP/FreeRTOS_ARP.c:1028:31:eARPGetCacheEntryGateWay	24	static
../Middlewares/Third_Party/FreeRTOS_Plus_TCP/FreeRTOS_ARP.c:486:12:xIsIPInARPCache	0	static
../Middlewares/Third_Party/FreeRTOS_Plus_TCP/FreeRTOS_ARP.c:629:14:ulARPRemoveCacheEntryByMac	16	static,ignoring_inline_asm
../Middlewares/Third_Party/FreeRTOS_Plus_TCP/FreeRTOS_ARP.c:660:6:vARPRefreshCacheEntryAge	16	static
../Middlewares/Third_Party/FreeRTOS_Plus_TCP/FreeRTOS_ARP.c:696:6:vARPRefreshCacheEntry	32	static
../Middlewares/Third_Party/FreeRTOS_Plus_TCP/FreeRTOS_ARP.c:371:17:vARPProcessPacketRequest	24	static
../Middlewares/Third_Party/FreeRTOS_Plus_TCP/FreeRTOS_ARP.c:426:17:vARPProcessPacketReply	24	static
../Middlewares/Third_Party/FreeRTOS_Plus_TCP/FreeRTOS_ARP.c:903:24:eARPGetCacheEntryByMac	24	static,ignoring_inline_asm
../Middlewares/Third_Party/FreeRTOS_Plus_TCP/FreeRTOS_ARP.c:961:24:eARPGetCacheEntry	24	static,ignoring_inline_asm
../Middlewares/Third_Party/FreeRTOS_Plus_TCP/FreeRTOS_ARP.c:1254:10:vARPSendGratuitous	8	static
../Middlewares/Third_Party/FreeRTOS_Plus_TCP/FreeRTOS_ARP.c:1428:10:vARPGenerateRequestPacket	20	static,ignoring_inline_asm
../Middlewares/Third_Party/FreeRTOS_Plus_TCP/FreeRTOS_ARP.c:1273:10:FreeRTOS_OutputARPRequest_Multi	24	static
../Middlewares/Third_Party/FreeRTOS_Plus_TCP/FreeRTOS_ARP.c:146:30:eARPProcessPacket	48	static
../Middlewares/Third_Party/FreeRTOS_Plus_TCP/FreeRTOS_ARP.c:520:12:xCheckRequiresARPResolution	112	static
../Middlewares/Third_Party/FreeRTOS_Plus_TCP/FreeRTOS_ARP.c:1344:10:FreeRTOS_OutputARPRequest	8	static
../Middlewares/Third_Party/FreeRTOS_Plus_TCP/FreeRTOS_ARP.c:1368:16:xARPWaitResolution	48	static,ignoring_inline_asm
../Middlewares/Third_Party/FreeRTOS_Plus_TCP/FreeRTOS_ARP.c:1168:10:vARPAgeCache	16	static
../Middlewares/Third_Party/FreeRTOS_Plus_TCP/FreeRTOS_ARP.c:1513:6:FreeRTOS_ClearARP	8	static
../Middlewares/Third_Party/FreeRTOS_Plus_TCP/FreeRTOS_ARP.c:1536:10:FreeRTOS_PrintARPCache	0	static
