../Drivers/enc28j60/enc28j60_eth_phy.c:60:20:delay_us	8	static
../Drivers/enc28j60/enc28j60_eth_phy.c:76:20:SPI_CS_Deassert	8	static
../Drivers/enc28j60/enc28j60_eth_phy.c:87:6:softReset	16	static
../Drivers/enc28j60/enc28j60_eth_phy.c:99:6:writeOperation	16	static
../Drivers/enc28j60/enc28j60_eth_phy.c:116:9:readOperation	16	static
../Drivers/enc28j60/enc28j60_eth_phy.c:150:6:setBank	16	static
../Drivers/enc28j60/enc28j60_eth_phy.c:161:9:readControlRegister	8	static
../Drivers/enc28j60/enc28j60_eth_phy.c:169:6:writeControlRegister8	16	static
../Drivers/enc28j60/enc28j60_eth_phy.c:176:6:writeControlRegister16	16	static
../Drivers/enc28j60/enc28j60_eth_phy.c:185:10:readPhyRegister	8	static
../Drivers/enc28j60/enc28j60_eth_phy.c:199:6:writePhyRegister	8	static
../Drivers/enc28j60/enc28j60_eth_phy.c:210:6:writeBuffer	24	static
../Drivers/enc28j60/enc28j60_eth_phy.c:228:6:readBuffer	24	static
../Drivers/enc28j60/enc28j60_eth_phy.c:247:10:readBufferWord	16	static
../Drivers/enc28j60/enc28j60_eth_phy.c:253:10:readId	8	static
../Drivers/enc28j60/enc28j60_eth_phy.c:267:6:MAC_Initialize	16	static
../Drivers/enc28j60/enc28j60_eth_phy.c:397:6:MAC_SendFrame	16	static
../Drivers/enc28j60/enc28j60_eth_phy.c:435:9:MAC_ReadFrame	24	static
../Drivers/enc28j60/enc28j60_eth_phy.c:487:10:MAC_GetRxFrameSize	16	static
../Drivers/enc28j60/enc28j60_eth_phy.c:512:6:MAC_SetMACAddress	0	static
../Drivers/enc28j60/enc28j60_eth_phy.c:516:6:PHY_IsLinkUp	8	static
